./gradlew : WARNING: A restricted method in java.lang.System has been called
所在位置 行:1 字符: 1
+ ./gradlew build 2>&1 | Out-File -FilePath "build_output.txt" -Encodin ...
+ ~~~~~~~~~~~~~~~~~~~~
    + CategoryInfo          : NotSpecified: (WARNING: A rest...has been called 
   :String) [], RemoteException
    + FullyQualifiedErrorId : NativeCommandError
 
WARNING: java.lang.System::load has been called by net.rubygrapefruit.platform.
internal.NativeLibraryLoader in an unnamed module (file:/C:/Users/ASUS/.gradle/
wrapper/dists/gradle-6.9.4-all/cvhr0nzdci6xe9876i9wqxmuo/gradle-6.9.4/lib/nativ
e-platform-0.22-milestone-20.jar)
WARNING: Use --enable-native-access=ALL-UNNAMED to avoid a warning for callers 
in this module
WARNING: Restricted methods will be blocked in a future release unless native a
ccess is enabled


> Configure project :
Found an AccessTransformer: liquidbounce_at.cfg

> Task :checkKotlinGradlePluginConfigurationErrors SKIPPED
> Task :deobfCompileDummyTask
> Task :deobfProvidedDummyTask
> Task :compileApiKotlin NO-SOURCE
> Task :getVersionJson
> Task :extractUserdev UP-TO-DATE
> Task :downloadClient SKIPPED
> Task :downloadServer SKIPPED
> Task :splitServerJar SKIPPED
> Task :mergeJars SKIPPED
> Task :applyBinaryPatches SKIPPED
> Task :extractDependencyATs SKIPPED
^C
